
=== COMPARADOR DXF vs. GROUND TRUTH (tol=5.0%) ===

--- PILARES ---
  Match rate: 100.0% (27/27)
  Erro médio: 0.0%

--- VIGAS ---
  Match rate: 100.0% (51/51)
  Erro médio: 0.0%

--- LAJES ---
  Match rate: 100.0% (48/48)
  Erro médio: 0.0%

=== SCORE GERAL: 100.0% (PASS | meta: 75.0%) ===
  Pilares: 100.0% | Vigas: 100.0% | Lajes: 100.0%

  Relatorio: D:\Agente-cad-PYSIDE\DADOS-OBRAS\Obra_TREINO_14\Fase-5_Geracao_Scripts\_relatorio_comparacao.json
[INFO] === validar_dxf_coletivo.py | Obra_TREINO_14 | ARRAIA - 1PAV ===

  [PILARES]
    GT: 27 | Gerado: 27 | Corretos: 27
    id_match: 100.0% | hallucination: 0.0%
    SCORE: 100.0% — APROVADO

  [VIGAS]
    GT: 51 | Gerado: 51 | Corretos: 51
    id_match: 100.0% | hallucination: 0.0%
    SCORE: 100.0% — APROVADO

  [LAJES]
    GT: 48 | Gerado: 48 | Corretos: 48
    id_match: 100.0% | hallucination: 0.0%
    SCORE: 100.0% — APROVADO

[RESULTADO GLOBAL]
  Score global: 100.0%
  Status: APROVADO (>=90%)

[INFO] Salvo: D:\Agente-cad-PYSIDE\DADOS-OBRAS\Obra_TREINO_14\Fase-6_Execucao_CAD\validation_coletivo.json
copy process ignored FIELD(#776E6) - this may cause problems in AutoCAD
copy process ignored FIELD(#77709) - this may cause problems in AutoCAD
copy process ignored FIELD(#7772B) - this may cause problems in AutoCAD
copy process ignored FIELD(#77746) - this may cause problems in AutoCAD
copy process ignored FIELD(#77760) - this may cause problems in AutoCAD
