
=== COMPARADOR DXF vs. GROUND TRUTH (tol=5.0%) ===

--- PILARES ---
  Match rate: 0.0% (0/0)
  Erro médio: 0.0%

--- VIGAS ---
  Match rate: 100.0% (17/17)
  Erro médio: 0.0%

--- LAJES ---
  Match rate: 100.0% (16/16)
  Erro médio: 0.0%

=== SCORE GERAL: 100.0% (PASS | meta: 75.0%) ===
  Pilares: 0.0% | Vigas: 100.0% | Lajes: 100.0%

  Relatorio: D:\Agente-cad-PYSIDE\DADOS-OBRAS\Obra_TREINO_17\Fase-5_Geracao_Scripts\_relatorio_comparacao.json
[INFO] === validar_dxf_coletivo.py | Obra_TREINO_17 | METROCASA9 DE JULHO - 1PV ===

  [PILARES]
    GT: None | Gerado: None | Corretos: None
    id_match: 0.0% | hallucination: 0.0%
    SCORE: None% — REPROVADO

  [VIGAS]
    GT: 17 | Gerado: 17 | Corretos: 17
    id_match: 100.0% | hallucination: 0.0%
    SCORE: 100.0% — APROVADO

  [LAJES]
    GT: 16 | Gerado: 16 | Corretos: 16
    id_match: 100.0% | hallucination: 0.0%
    SCORE: 100.0% — APROVADO

[RESULTADO GLOBAL]
  Score global: 100.0%
  Status: APROVADO (>=90%)

[INFO] Salvo: D:\Agente-cad-PYSIDE\DADOS-OBRAS\Obra_TREINO_17\Fase-6_Execucao_CAD\validation_coletivo.json
